// Jest Snapshot v1, https://goo.gl/fbAQLP

exports[`FavourWeatherContainer Component Snapshot 1`] = `
<div
  id="favour_weather_container"
/>
`;
